------------------------------------------------------------
Timing Analyzer Summary
------------------------------------------------------------

Type  : Slow 1100mV 85C Model Setup 'clk'
Slack : -4.180
TNS   : -497.008

Type  : Slow 1100mV 85C Model Hold 'clk'
Slack : 0.231
TNS   : 0.000

Type  : Slow 1100mV 85C Model Minimum Pulse Width 'clk'
Slack : -0.394
TNS   : -65.684

Type  : Slow 1100mV 0C Model Setup 'clk'
Slack : -4.198
TNS   : -500.365

Type  : Slow 1100mV 0C Model Hold 'clk'
Slack : 0.215
TNS   : 0.000

Type  : Slow 1100mV 0C Model Minimum Pulse Width 'clk'
Slack : -0.394
TNS   : -71.133

Type  : Fast 1100mV 85C Model Setup 'clk'
Slack : -1.880
TNS   : -218.176

Type  : Fast 1100mV 85C Model Hold 'clk'
Slack : 0.139
TNS   : 0.000

Type  : Fast 1100mV 85C Model Minimum Pulse Width 'clk'
Slack : -0.093
TNS   : -11.376

Type  : Fast 1100mV 0C Model Setup 'clk'
Slack : -1.664
TNS   : -192.646

Type  : Fast 1100mV 0C Model Hold 'clk'
Slack : 0.125
TNS   : 0.000

Type  : Fast 1100mV 0C Model Minimum Pulse Width 'clk'
Slack : -0.092
TNS   : -11.321

------------------------------------------------------------
