------------------------------------------------------------
Timing Analyzer Summary
------------------------------------------------------------

Type  : Slow 1100mV 85C Model Setup 'counter:u1|tick'
Slack : -4.858
TNS   : -139.496

Type  : Slow 1100mV 85C Model Setup 'clk'
Slack : -4.275
TNS   : -38.078

Type  : Slow 1100mV 85C Model Hold 'clk'
Slack : 0.386
TNS   : 0.000

Type  : Slow 1100mV 85C Model Hold 'counter:u1|tick'
Slack : 1.095
TNS   : 0.000

Type  : Slow 1100mV 85C Model Minimum Pulse Width 'clk'
Slack : -0.394
TNS   : -17.111

Type  : Slow 1100mV 85C Model Minimum Pulse Width 'counter:u1|tick'
Slack : 0.150
TNS   : 0.000

Type  : Slow 1100mV 0C Model Setup 'counter:u1|tick'
Slack : -4.761
TNS   : -138.865

Type  : Slow 1100mV 0C Model Setup 'clk'
Slack : -4.209
TNS   : -41.247

Type  : Slow 1100mV 0C Model Hold 'clk'
Slack : 0.383
TNS   : 0.000

Type  : Slow 1100mV 0C Model Hold 'counter:u1|tick'
Slack : 1.059
TNS   : 0.000

Type  : Slow 1100mV 0C Model Minimum Pulse Width 'clk'
Slack : -0.394
TNS   : -18.487

Type  : Slow 1100mV 0C Model Minimum Pulse Width 'counter:u1|tick'
Slack : 0.182
TNS   : 0.000

Type  : Fast 1100mV 85C Model Setup 'clk'
Slack : -2.385
TNS   : -7.975

Type  : Fast 1100mV 85C Model Setup 'counter:u1|tick'
Slack : -2.343
TNS   : -59.462

Type  : Fast 1100mV 85C Model Hold 'clk'
Slack : 0.203
TNS   : 0.000

Type  : Fast 1100mV 85C Model Hold 'counter:u1|tick'
Slack : 0.607
TNS   : 0.000

Type  : Fast 1100mV 85C Model Minimum Pulse Width 'clk'
Slack : -0.089
TNS   : -2.893

Type  : Fast 1100mV 85C Model Minimum Pulse Width 'counter:u1|tick'
Slack : 0.239
TNS   : 0.000

Type  : Fast 1100mV 0C Model Setup 'counter:u1|tick'
Slack : -2.035
TNS   : -51.650

Type  : Fast 1100mV 0C Model Setup 'clk'
Slack : -2.035
TNS   : -6.514

Type  : Fast 1100mV 0C Model Hold 'clk'
Slack : 0.194
TNS   : 0.000

Type  : Fast 1100mV 0C Model Hold 'counter:u1|tick'
Slack : 0.554
TNS   : 0.000

Type  : Fast 1100mV 0C Model Minimum Pulse Width 'clk'
Slack : -0.087
TNS   : -2.833

Type  : Fast 1100mV 0C Model Minimum Pulse Width 'counter:u1|tick'
Slack : 0.289
TNS   : 0.000

------------------------------------------------------------
